[diabatonic.azurewebsites.net/Default.html]
[backblue.gif]
[fade.gif]
[index.html]
[diabatonic.azurewebsites.net/CSS/bootstrap.css]
[diabatonic.azurewebsites.net/CSS/jumbotron-narrow.css]
[diabatonic.azurewebsites.net/CSS/master.css]
[diabatonic.azurewebsites.net/Scripts/jquery-2.1.4.min.js]
[diabatonic.azurewebsites.net/Scripts/bootstrap.min.js]
[d3js.org/d3.v3.min.js]
[diabatonic.azurewebsites.net/CSS/jquery-ui-1.10.0.custom.min.css]
[diabatonic.azurewebsites.net/CSS/sliderIE.css]
[diabatonic.azurewebsites.net/CSS/sliderHTML.css]
[diabatonic.azurewebsites.net/Scripts/sliderIE.js]
[diabatonic.azurewebsites.net/Scripts/sliderHTML.js]
[diabatonic.azurewebsites.net/Scripts/master.js]
[diabatonic.azurewebsites.net/Scripts/jquery-ui.js]
[diabatonic.azurewebsites.net/Resources/azure-ml.png]
[diabatonic.azurewebsites.net/index.html]
[diabatonic.azurewebsites.net/Scripts/wheels.js]
[diabatonic.azurewebsites.net/Default.html]
[diabatonic.azurewebsites.net/fonts/glyphicons-halflings-regular.eot]
[diabatonic.azurewebsites.net/fonts/glyphicons-halflings-regulard41d.eot]
[diabatonic.azurewebsites.net/fonts/glyphicons-halflings-regular.ttf]
[diabatonic.azurewebsites.net/CSS/bootstrap.css]
[diabatonic.azurewebsites.net/CSS/jumbotron-narrow.css]
[diabatonic.azurewebsites.net/CSS/master.css]
[diabatonic.azurewebsites.net/Scripts/jquery-2.1.4.min.js]
[diabatonic.azurewebsites.net/Scripts/bootstrap.min.js]
[diabatonic.azurewebsites.net/CSS/jquery-ui-1.10.0.custom.min.css]
[diabatonic.azurewebsites.net/CSS/sliderIE.css]
[diabatonic.azurewebsites.net/CSS/sliderHTML.css]
[diabatonic.azurewebsites.net/Scripts/sliderIE.js]
[diabatonic.azurewebsites.net/Scripts/sliderHTML.js]
[diabatonic.azurewebsites.net/Scripts/jquery-ui.js]
[diabatonic.azurewebsites.net/Scripts/master.js]
[diabatonic.azurewebsites.net/index.html]
[diabatonic.azurewebsites.net/Scripts/js/ie10-viewport-bug-workaround.html]
[diabatonic.azurewebsites.net/Scripts/wheels.js]
[diabatonic.azurewebsites.net/fonts/glyphicons-halflings-regular.html]
[diabatonic.azurewebsites.net/fonts/glyphicons-halflings-regular-2.html]
[diabatonic.azurewebsites.net/fonts/glyphicons-halflings-regular.svg]
[diabatonic.azurewebsites.net/Popover requires tooltip.html]
[diabatonic.azurewebsites.net/CSS/images/animated-overlay.html]
[diabatonic.azurewebsites.net/CSS/images/ui-bg_flat_75_ffffff_40x100.html]
[diabatonic.azurewebsites.net/CSS/images/ui-bg_highlight-soft_75_cccccc_1x100.html]
[diabatonic.azurewebsites.net/CSS/images/ui-bg_glass_75_e6e6e6_1x400.html]
[diabatonic.azurewebsites.net/CSS/images/ui-bg_glass_75_dadada_1x400.html]
[diabatonic.azurewebsites.net/CSS/images/ui-bg_glass_65_ffffff_1x400.html]
[diabatonic.azurewebsites.net/CSS/images/ui-bg_glass_55_fbf9ee_1x400.html]
[diabatonic.azurewebsites.net/CSS/images/ui-bg_glass_95_fef1ec_1x400.html]
[diabatonic.azurewebsites.net/CSS/images/ui-icons_222222_256x240.html]
[diabatonic.azurewebsites.net/CSS/images/ui-icons_888888_256x240.html]
[diabatonic.azurewebsites.net/CSS/images/ui-icons_454545_256x240.html]
[diabatonic.azurewebsites.net/CSS/images/ui-icons_2e83ff_256x240.html]
[diabatonic.azurewebsites.net/CSS/images/ui-icons_cd0a0a_256x240.html]
[diabatonic.azurewebsites.net/CSS/images/ui-bg_flat_0_aaaaaa_40x100.html]
